acpid
alsa-utils
amd-ucode
ani-cli
ansible-core
arc-gtk-theme
aspnet-runtime
asusctl
base
base-devel
bat
blueberry
bluetui
bluez
bluez-utils
bottles
brightnessctl
btop
btrfs-progs
catppuccin-cursors-mocha
dolphin
dotnet-runtime-6.0
dotnet-sdk
dotnet-sdk-8.0
dunst
efibootmgr
eza
fastfetch
fd
fzf
git
gnome-keyring
gnome-themes-extra
grim
gst-plugin-pipewire
gum
htop
hypridle
hyprland
hyprlock
hyprpaper
hyprshot
inetutils
intel-media-driver
iwd
kitty
kvantum-qt5
laptop-mode-tools
lazygit
libpulse
libva-intel-driver
linux
linux-firmware
linux-g14
linux-g14-headers
linux-lts
lutris
mailpit
man-db
mesa-utils
modrinth-app
nano
neovim
networkmanager
noto-fonts
noto-fonts-cjk
noto-fonts-emoji
noto-fonts-extra
nvidia-dkms
nvidia-prime
nvidia-settings
nvidia-utils
openssh
pamixer
paru
paru-debug
pavucontrol
pipewire
pipewire-alsa
pipewire-jack
pipewire-pulse
plocate
polkit-kde-agent
power-profiles-daemon
prismlauncher
qt5-quickcontrols2
qt5-wayland
qt5ct
qt6-wayland
qt6ct
rustdesk
sddm
seahorse
slurp
smartmontools
snapper
spotify-player-full
starship
steam
stow
supergfxctl
switcheroo-control
systemd-resolvconf
teamviewer
thunar
thunar-archive-plugin
tilt-bin
tldr
tmux
ttf-font-awesome
ttf-jetbrains-mono-nerd
ttf-nerd-fonts-symbols
unzip
uwsm
vim
vivaldi
vlc
vulkan-intel
vulkan-radeon
waybar
wezterm-git
wget
whois
wine
wine-mono
winetricks
wireless_tools
wireplumber
wl-clipboard
wlogout-git
wofi
wpa_supplicant
xarchiver
xdg-desktop-portal-gtk
xdg-desktop-portal-hyprland
xdg-utils
xf86-video-amdgpu
xf86-video-ati
xf86-video-nouveau
xf86-video-vmware
xorg-server
xorg-xinit
zen-browser-bin
zoxide
zram-generator
zsh
